// Jest Snapshot v1, https://goo.gl/fbAQLP

exports[`StoreItem component render should render StoreItem component 1`] = `ShallowWrapper {}`;
