// Jest Snapshot v1, https://goo.gl/fbAQLP

exports[`DiscordCircle component render should render DiscordCircle component 1`] = `ShallowWrapper {}`;
