// Jest Snapshot v1, https://goo.gl/fbAQLP

exports[`Orders component render should render MapSideBar component 1`] = `ShallowWrapper {}`;
