// Jest Snapshot v1, https://goo.gl/fbAQLP

exports[`NavBar component Renders correctly 1`] = `ShallowWrapper {}`;
