// Jest Snapshot v1, https://goo.gl/fbAQLP

exports[`DynamicDriver component render should render DynamicDriver component 1`] = `ShallowWrapper {}`;
